// Jest Snapshot v1, https://goo.gl/fbAQLP

exports[`<Thing/> renders correctly 1`] = `
<section
  className="counter"
>
  <button
    className="down-clicker"
    onClick={[Function]}
  >
    -
  </button>
  <span
    className="count "
  >
    0
  </span>
  <button
    className="up-clicker"
    onClick={[Function]}
  >
    +
  </button>
</section>
`;
